Last login: Wed Nov 23 13:49:48 on ttys001
katherinenash@Katherines-MacBook-Pro ~ % ls
Applications		Downloads		Pictures		test_siteCreative Cloud Files	Library			Public
Desktop			Movies			coursera-test
Documents		Music			fullstack-course4
katherinenash@Katherines-MacBook-Pro ~ % cd coursera-test/
katherinenash@Katherines-MacBook-Pro coursera-test % ls
README.md		fullstack-course4	site
katherinenash@Katherines-MacBook-Pro coursera-test % git status
On branch main
Your branch is up to date with 'origin/main'.

Untracked files:
  (use "git add <file>..." to include in what will be committed)

	fullstack-course4/
	site/Terminal Saved Output.txt
	site/Terminal Saved Output1.txt

nothing added to commit but untracked files present (use "git add" to track)
katherinenash@Katherines-MacBook-Pro coursera-test % git status
On branch main
Your branch is up to date with 'origin/main'.

Untracked files:
  (use "git add <file>..." to include in what will be committed)

	fullstack-course4/
	site/Terminal Saved Output.txt
	site/Terminal Saved Output1.txt

nothing added to commit but untracked files present (use "git add" to track)
katherinenash@Katherines-MacBook-Pro coursera-test % git status
On branch main
Your branch is up to date with 'origin/main'.

Untracked files:
  (use "git add <file>..." to include in what will be committed)

	fullstack-course4/
	site/Terminal Saved Output.txt
	site/Terminal Saved Output1.txt

nothing added to commit but untracked files present (use "git add" to track)
katherinenash@Katherines-MacBook-Pro coursera-test % git status
On branch main
Your branch is up to date with 'origin/main'.

Untracked files:
  (use "git add <file>..." to include in what will be committed)

	fullstack-course4/
	site/Terminal Saved Output.txt
	site/Terminal Saved Output1.txt

nothing added to commit but untracked files present (use "git add" to track)
katherinenash@Katherines-MacBook-Pro coursera-test % git add site/index.html
katherinenash@Katherines-MacBook-Pro coursera-test % git status
On branch main
Your branch is up to date with 'origin/main'.

Untracked files:
  (use "git add <file>..." to include in what will be committed)

	fullstack-course4/
	site/Terminal Saved Output.txt
	site/Terminal Saved Output1.txt

nothing added to commit but untracked files present (use "git add" to track)
katherinenash@Katherines-MacBook-Pro coursera-test % git commit -m "Small addition to our page content."
On branch main
Your branch is up to date with 'origin/main'.

Untracked files:
	fullstack-course4/
	site/Terminal Saved Output.txt
	site/Terminal Saved Output1.txt

nothing added to commit but untracked files present
katherinenash@Katherines-MacBook-Pro coursera-test % git add fullstack-course4
warning: adding embedded git repository: fullstack-course4
hint: You've added another git repository inside your current repository.
hint: Clones of the outer repository will not contain the contents of
hint: the embedded repository and will not know how to obtain it.
hint: If you meant to add a submodule, use:
hint: 
hint: 	git submodule add <url> fullstack-course4
hint: 
hint: If you added this path by mistake, you can remove it from the
hint: index with:
hint: 
hint: 	git rm --cached fullstack-course4
hint: 
hint: See "git help submodule" for more information.
katherinenash@Katherines-MacBook-Pro coursera-test % ls
README.md		fullstack-course4	site
katherinenash@Katherines-MacBook-Pro coursera-test % git status
On branch main
Your branch is up to date with 'origin/main'.

Changes to be committed:
  (use "git reset HEAD <file>..." to unstage)

	new file:   fullstack-course4

Untracked files:
  (use "git add <file>..." to include in what will be committed)

	site/Terminal Saved Output.txt
	site/Terminal Saved Output1.txt

katherinenash@Katherines-MacBook-Pro coursera-test % git add site/Terminal Saved Output.txt
fatal: pathspec 'site/Terminal' did not match any files
katherinenash@Katherines-MacBook-Pro coursera-test % cd site
katherinenash@Katherines-MacBook-Pro site % ls  
Terminal Saved Output.txt	Terminal Saved Output1.txt	index.html
katherinenash@Katherines-MacBook-Pro site % git status
On branch main
Your branch is up to date with 'origin/main'.

Changes to be committed:
  (use "git reset HEAD <file>..." to unstage)

	new file:   ../fullstack-course4

Untracked files:
  (use "git add <file>..." to include in what will be committed)

	Terminal Saved Output.txt
	Terminal Saved Output1.txt

katherinenash@Katherines-MacBook-Pro site % git add Terminal Saved Output.txt 
fatal: pathspec 'Terminal' did not match any files
katherinenash@Katherines-MacBook-Pro site % git add Terminal Saved Output.txt
fatal: pathspec 'Terminal' did not match any files
katherinenash@Katherines-MacBook-Pro site % git status
On branch main
Your branch is up to date with 'origin/main'.

Changes to be committed:
  (use "git reset HEAD <file>..." to unstage)

	new file:   ../fullstack-course4

Untracked files:
  (use "git add <file>..." to include in what will be committed)

	Terminal Saved Output.txt
	Terminal Saved Output1.txt

katherinenash@Katherines-MacBook-Pro site % git add     Terminal Saved Output.txt
        Terminal Saved Output1.txt
fatal: pathspec 'Terminal' did not match any files
zsh: command not found: Terminal
katherinenash@Katherines-MacBook-Pro site % cd coursera-test
cd: no such file or directory: coursera-test
katherinenash@Katherines-MacBook-Pro site % 
  [Restored Dec 8, 2022 at 3:29:43 PM]
Last login: Thu Dec  8 15:29:33 on console
Restored session: Thu Dec  8 15:28:28 EST 2022
katherinenash@Katherines-MacBook-Pro site % 
  [Restored Dec 9, 2022 at 9:19:37 AM]
Last login: Fri Dec  9 09:19:27 on console
Restored session: Fri Dec  9 09:18:31 EST 2022
katherinenash@Katherines-MacBook-Pro site % 
